Docker image was built
